<?xml version="1.0" ?>
<Map>
	<Checkpoints>
		<Checkpoint x="38" y="1"  />
		<Checkpoint x="38" y="75" />
	</Checkpoints>
	<Terrain>
		<Strata texture="sediment.jpg" />
		<Fields>
			<Field texture="gras.jpg" shortcut="G" buildable="true"  />
			<Field texture="way.jpg"  shortcut="+" buildable="false" />
			<Field texture="gras.jpg" shortcut="T" buildable="true">
				<Model path="firetree/firtree.3ds">
					<Scale min="0.8" max="0.9" />
					<Rotation min="0" max="360" />
				</Model>
			</Field>
		</Fields>
		<Grid>
			<Row>TTTTTTTTTTTTTTTTTTTTTTTTTTTTTTTTTTTTT+TTTTTTTTTTTTTTTTTTTTTTTTTTTTTTTTTTTTT</Row>
			<Row>TGGGGGGGGGGGGGGGGGGGGGGGGGGGGGGGGGGGG+GGGGGGGGGGGGGGGGGGGGGGGGGGGGGGGGGGGGT</Row>
			<Row>TGGGGGGGGGGGGGGGGGGGGGGGGGGGGGGGGGGGG+GGGGGGGGGGGGGGGGGGGGGGGGGGGGGGGGGGGGT</Row>
			<Row>TGGGGGGGGGGGGGGGGGGGGGGGGGGGGGGGGGGGG+GGGGGGGGGGGGGGGGGGGGGGGGGGGGGGGGGGGGT</Row>
			<Row>TGGGGGGGGGGGGGGGGGGGGGGGGGGGGGGGGGGGG+GGGGGGGGGGGGGGGGGGGGGGGGGGGGGGGGGGGGT</Row>
			<Row>TGGGGGGGGGGGGGGGGGGGGGGGGGGGGGGGGGGGG+GGGGGGGGGGGGGGGGGGGGGGGGGGGGGGGGGGGGT</Row>
			<Row>TGGGGGGGGGGGGGGGGGGGGGGGGGGGGGGGGGGGG+GGGGGGGGGGGGGGGGGGGGGGGGGGGGGGGGGGGGT</Row>
			<Row>TGGGGGGGGGGGGGGGGGGGGGGGGGGGGGGGGGGGG+GGGGGGGGGGGGGGGGGGGGGGGGGGGGGGGGGGGGT</Row>
			<Row>TGGGGGGGGGGGGGGGGGGGGGGGGGGGGGGGGGGGG+GGGGGGGGGGGGGGGGGGGGGGGGGGGGGGGGGGGGT</Row>
			<Row>TGGGGGGGGGGGGGGGGGGGGGGGGGGGGGGGGGGGG+GGGGGGGGGGGGGGGGGGGGGGGGGGGGGGGGGGGGT</Row>
			<Row>TGGGGGGGGGGGGGGGGGGGGGGGGGGGGGGGGGGGG+++++++++++++++++++++GGGGGGGGGGGGGGGGT</Row>
			<Row>TGGGGGGGGGGGGGGGGGGGGGGGGGGGGGGGGGGGGGGGGGGGGGGGGGGGGGGGG+GGGGGGGGGGGGGGGGT</Row>
			<Row>TGGGGGGG++++++++++++++++++++++++++++++++++++++++++++++++G+GGGGGGGGGGGGGGGGT</Row>
			<Row>TGGGGGGG+GGGGGGGGGGGGGGGGGGGGGGGGGGGGGGGGGGGGGGGGGGGGGG+G+GGGGGGGGGGGGGGGGT</Row>
			<Row>TGGGGGGG+GGGGGGGGGGGGGGGGGGGGGGGGGGGGGGGGGGGGGGGGGGGGGG+G+GGGGGGGGGGGGGGGGT</Row>
			<Row>TGGGGGGG+GGGGGGGGGGGGGGGGGGGGGG+++++++++++++++++++++++++G+GGGGGGGGGGGGGGGGT</Row>
			<Row>TGGGGGGG+GGGGGGGGGGGGGGGGGGGGGG+GGGGGGGGGGGGGGGGGGGGGGGGG+GGGGGGGGGGGGGGGGT</Row>
			<Row>TGGGGGGG+GGGGGGGGGGGGGGGGGGGGGG+GGGGG+++++++++++++++++++++GGGGGGGGGGGGGGGGT</Row>
			<Row>TGGGGGGG+GGGGGGGGGGGGGGGGGGGGGG+GGGGG+GGGGGGGGGGGGGGGGGGGGGGGGGGGGGGGGGGGGT</Row>
			<Row>TGGGGGGG+GGGGGGGGGGGGGGGGGGGGGG+GGGGG+GGGGGGGGGGGGGGGGGGGGGGGGGGGGGGGGGGGGT</Row>
			<Row>TGGGGGGG+GGGGGGGGGGGGGGGGGGGGGG+GGGGG+GGGGGGGGGGGGGGGGGGGGGGGGGGGGGGGGGGGGT</Row>
			<Row>TGGGGGGG+GGGGGGGGGGGGGGGGGGGGGG+GGGGG+GGGGGGGGGGGGGGGGGGGGGGGGGGGGGGGGGGGGT</Row>
			<Row>TGGGGGGG+GGGGGGGGGGGGGGGGGGGGGG+GGGGG+GGGGGGGGGGGGGGGGGGGGGGGGGGGGGGGGGGGGT</Row>
			<Row>TGGGGGGG+GGGGGGGGGGGGGGGGGGGGGG+GGGGG+GGGGGGGGGGGGGGGGGGGGGGGGGGGGGGGGGGGGT</Row>
			<Row>TGGGGGGG+GGGGGGGGGGGGGGGGGGGGGG+++++++GGGGGGGGGGGGGGGGGGGGGGGGGGGGGGGGGGGGT</Row>
			<Row>TGGGGGGG+GGGGGGGGGGGGGGGGGGGGGGGGGGGGGGGGGGGGGGGGGGGGGGGGGGGGGGGGGGGGGGGGGT</Row>
			<Row>TGGGGGGG+GGGGGGGGGGGGGGGGGGGGGGGGGGGGGGGGGGGGGGGGGGGGGGGGGGGGGGGGGGGGGGGGGT</Row>
			<Row>TGGGGGGG+GGGGGGGGGGGGGGGGGGGGGGGGGGGGGGGGGGGGGGGGGGGGGGGGGGGGGGGGGGGGGGGGGT</Row>
			<Row>TGGGGGGG+GGGGGGGGGGGGGGGGGGGGGGGGGGGGGGGGGGGGGGGGGGGGGGGGGGGGGGGGGGGGGGGGGT</Row>
			<Row>TGGGGGGG++++++++++++++++++++++++++++++GGGGGGGGGGGGGGGGGGGGGGGGGGGGGGGGGGGGT</Row>
			<Row>TGGGGGGGGGGGGGGGGGGGGGGGGGGGGGGGGGGGG+GGGGGGGGGGGGGGGGGGGGGGGGGGGGGGGGGGGGT</Row>
			<Row>TGGGGGGGGGGGGGGGGGGGGGGGGGGGGGGGGGGGG+GGGGGGGGGGGGGGGGGGGGGGGGGGGGGGGGGGGGT</Row>
			<Row>TGGGGGGGGGGGGGGGGGGGGGGGGGGGGGGGGGGGG+GGGGGGGGGGGGGGGGGGGGGGGGGGGGGGGGGGGGT</Row>
			<Row>TGGGGGGGGGGGGGGGGGGGGGGGGGGGGGGGGGGGG+GGGGGGGGGGGGGGGGGGGGGGGGGGGGGGGGGGGGT</Row>
			<Row>TGGGGGGGGGGGGGGGGGGGGGGGGGGGGGGGGGGGG+GGGGGGGGGGGGGGGGGGGGGGGGGGGGGGGGGGGGT</Row>
			<Row>TGGGGGGGGGGGGGGGGGGGGGGGGGGGGGGGGGGGG+GGGGGGGGGGGGGGGGGGGGGGGGGGGGGGGGGGGGT</Row>
			<Row>TGGGGGGGGGGGGGGGGGGGGGGGGGGGGGGGGGGGG+GGGGGGGGGGGGGGGGGGGGGGGGGGGGGGGGGGGGT</Row>
			<Row>TGGGGGGGGGGGGGGGGGGGGGGGGGGGGGGGGGGGG+GGGGGGGGGGGGGGGGGGGGGGGGGGGGGGGGGGGGT</Row>
			<Row>TGGGGGGGGGGGGGGGGGGGGGGGGGGGGGGGGGGGG+GGGGGGGGGGGGGGGGGGGGGGGGGGGGGGGGGGGGT</Row>
			<Row>TGGGGGGGGGGGGGGGGGGGGGGGGGGGGGGGGGGGG+++++++++++++++++++++GGGGGGGGGGGGGGGGT</Row>
			<Row>TGGGGGGGGGGGGGGGGGGGGGGGGGGGGGGGGGGGGGGGGGGGGGGGGGGGGGGGG+GGGGGGGGGGGGGGGGT</Row>
			<Row>TGGGGGGG++++++++++++++++++++++++++++++++++++++++++++++++G+GGGGGGGGGGGGGGGGT</Row>
			<Row>TGGGGGGG+GGGGGGGGGGGGGGGGGGGGGGGGGGGGGGGGGGGGGGGGGGGGGG+G+GGGGGGGGGGGGGGGGT</Row>
			<Row>TGGGGGGG+GGGGGGGGGGGGGGGGGGGGGGGGGGGGGGGGGGGGGGGGGGGGGG+G+GGGGGGGGGGGGGGGGT</Row>
			<Row>TGGGGGGG+GGGGGGGGGGGGGGGGGGGGGG+++++++++++++++++++++++++G+GGGGGGGGGGGGGGGGT</Row>
			<Row>TGGGGGGG+GGGGGGGGGGGGGGGGGGGGGG+GGGGGGGGGGGGGGGGGGGGGGGGG+GGGGGGGGGGGGGGGGT</Row>
			<Row>TGGGGGGG+GGGGGGGGGGGGGGGGGGGGGG+GGGGG+++++++++++++++++++++GGGGGGGGGGGGGGGGT</Row>
			<Row>TGGGGGGG+GGGGGGGGGGGGGGGGGGGGGG+GGGGG+GGGGGGGGGGGGGGGGGGGGGGGGGGGGGGGGGGGGT</Row>
			<Row>TGGGGGGG+GGGGGGGGGGGGGGGGGGGGGG+GGGGG+GGGGGGGGGGGGGGGGGGGGGGGGGGGGGGGGGGGGT</Row>
			<Row>TGGGGGGG+GGGGGGGGGGGGGGGGGGGGGG+GGGGG+GGGGGGGGGGGGGGGGGGGGGGGGGGGGGGGGGGGGT</Row>
			<Row>TGGGGGGG+GGGGGGGGGGGGGGGGGGGGGG+GGGGG+GGGGGGGGGGGGGGGGGGGGGGGGGGGGGGGGGGGGT</Row>
			<Row>TGGGGGGG+GGGGGGGGGGGGGGGGGGGGGG+GGGGG+GGGGGGGGGGGGGGGGGGGGGGGGGGGGGGGGGGGGT</Row>
			<Row>TGGGGGGG+GGGGGGGGGGGGGGGGGGGGGG+GGGGG+GGGGGGGGGGGGGGGGGGGGGGGGGGGGGGGGGGGGT</Row>
			<Row>TGGGGGGG+GGGGGGGGGGGGGGGGGGGGGG+++++++GGGGGGGGGGGGGGGGGGGGGGGGGGGGGGGGGGGGT</Row>
			<Row>TGGGGGGG+GGGGGGGGGGGGGGGGGGGGGGGGGGGGGGGGGGGGGGGGGGGGGGGGGGGGGGGGGGGGGGGGGT</Row>
			<Row>TGGGGGGG+GGGGGGGGGGGGGGGGGGGGGGGGGGGGGGGGGGGGGGGGGGGGGGGGGGGGGGGGGGGGGGGGGT</Row>
			<Row>TGGGGGGG+GGGGGGGGGGGGGGGGGGGGGGGGGGGGGGGGGGGGGGGGGGGGGGGGGGGGGGGGGGGGGGGGGT</Row>
			<Row>TGGGGGGG+GGGGGGGGGGGGGGGGGGGGGGGGGGGGGGGGGGGGGGGGGGGGGGGGGGGGGGGGGGGGGGGGGT</Row>
			<Row>TGGGGGGG++++++++++++++++++++++++++++++GGGGGGGGGGGGGGGGGGGGGGGGGGGGGGGGGGGGT</Row>
			<Row>TGGGGGGGGGGGGGGGGGGGGGGGGGGGGGGGGGGGG+GGGGGGGGGGGGGGGGGGGGGGGGGGGGGGGGGGGGT</Row>
			<Row>TGGGGGGGGGGGGGGGGGGGGGGGGGGGGGGGGGGGG+GGGGGGGGGGGGGGGGGGGGGGGGGGGGGGGGGGGGT</Row>
			<Row>TGGGGGGGGGGGGGGGGGGGGGGGGGGGGGGGGGGGG+GGGGGGGGGGGGGGGGGGGGGGGGGGGGGGGGGGGGT</Row>
			<Row>TGGGGGGGGGGGGGGGGGGGGGGGGGGGGGGGGGGGG+GGGGGGGGGGGGGGGGGGGGGGGGGGGGGGGGGGGGT</Row>
			<Row>TGGGGGGGGGGGGGGGGGGGGGGGGGGGGGGGGGGGG+GGGGGGGGGGGGGGGGGGGGGGGGGGGGGGGGGGGGT</Row>
			<Row>TGGGGGGGGGGGGGGGGGGGGGGGGGGGGGGGGGGGG+GGGGGGGGGGGGGGGGGGGGGGGGGGGGGGGGGGGGT</Row>
			<Row>TGGGGGGGGGGGGGGGGGGGGGGGGGGGGGGGGGGGG+GGGGGGGGGGGGGGGGGGGGGGGGGGGGGGGGGGGGT</Row>
			<Row>TGGGGGGGGGGGGGGGGGGGGGGGGGGGGGGGGGGGG+GGGGGGGGGGGGGGGGGGGGGGGGGGGGGGGGGGGGT</Row>
			<Row>TGGGGGGGGGGGGGGGGGGGGGGGGGGGGGGGGGGGG+GGGGGGGGGGGGGGGGGGGGGGGGGGGGGGGGGGGGT</Row>
			<Row>TGGGGGGGGGGGGGGGGGGGGGGGGGGGGGGGGGGGG+GGGGGGGGGGGGGGGGGGGGGGGGGGGGGGGGGGGGT</Row>
			<Row>TGGGGGGGGGGGGGGGGGGGGGGGGGGGGGGGGGGGG+GGGGGGGGGGGGGGGGGGGGGGGGGGGGGGGGGGGGT</Row>
			<Row>TGGGGGGGGGGGGGGGGGGGGGGGGGGGGGGGGGGGG+GGGGGGGGGGGGGGGGGGGGGGGGGGGGGGGGGGGGT</Row>
			<Row>TGGGGGGGGGGGGGGGGGGGGGGGGGGGGGGGGGGGG+GGGGGGGGGGGGGGGGGGGGGGGGGGGGGGGGGGGGT</Row>
			<Row>TGGGGGGGGGGGGGGGGGGGGGGGGGGGGGGGGGGGG+GGGGGGGGGGGGGGGGGGGGGGGGGGGGGGGGGGGGT</Row>
			<Row>TGGGGGGGGGGGGGGGGGGGGGGGGGGGGGGGGGGGG+GGGGGGGGGGGGGGGGGGGGGGGGGGGGGGGGGGGGT</Row>
			<Row>TTTTTTTTTTTTTTTTTTTTTTTTTTTTTTTTTTTTT+TTTTTTTTTTTTTTTTTTTTTTTTTTTTTTTTTTTTT</Row>
		</Grid>
	</Terrain>	
</Map>