<?xml version="1.0" ?>
<Map>
	<Player money="1000" life="50"/>
	<Waves>
		<Wave spawnoffset="30">
			<Creep model="creeps/bot3.3ds" name="Simple Bots" health="100" bounty="10" count="10" speed="1" armor="30" magicresist="20" spawnoffset="0.2" />
		</Wave>
		<Wave spawnoffset="15">
			<Creep model="creeps/bot3.3ds" name="Simple Bots" health="100" count="10" bounty="50" speed="2.0" armor="30" magicresist="20" spawnoffset="0.1" />
			<Creep model="creeps/bot3.3ds" name="Master Bot" health="100" count="1" bounty="500" speed="1.0" armor="100" magicresist="50" spawnoffset="0.2" />
		</Wave>
	</Waves>
	<Towers>
		<Tower name="Base tower" model="tower/tower1.3ds" physicaldamage="20" magicdamage="10" attackspeed="1.25" cost="100">
			<Tower name="Upgrade from base tower" model="tower/tower2.3ds" physicaldamage="50" magicdamage="25" attackspeed="1.75" minwave="2" cost="500" />
			<Tower name="Another upgrade from base tower" model="tower/tower3.3ds" physicaldamage="40" magicdamage="35" attackspeed="1.9" minwave="2" cost="450" />
		</Tower>
		<Tower name="Second base tower" model="tower/tower4.3ds" physicaldamage="15" magicdamage="15" attackspeed="1.1" coast="125" />
	</Towers>
	<Checkpoints>
		<Checkpoint x="32" y= "0" />
		<Checkpoint x="32" y="10" />
		<Checkpoint x="52" y="10" />
		<Checkpoint x="52" y="17" />
		<Checkpoint x="32" y="17" />
		<Checkpoint x="32" y="24" />
		<Checkpoint x="26" y="24" />
		<Checkpoint x="26" y="15" />
		<Checkpoint x="50" y="15" />
		<Checkpoint x="50" y="12" />
		<Checkpoint x= "8" y="12" />
		<Checkpoint x= "8" y="29" />
		<Checkpoint x="32" y="29" />
		<Checkpoint x="32" y="39" />
	</Checkpoints>
	<Terrain>
		<Strata texture="sediment.jpg" />
		<Fields>
			<Field texture="gras.jpg" symbol="G" buildable="true"  />
			<Field texture="way.jpg"  symbol="+" buildable="false" />
			<Field texture="gras.jpg" symbol="T" buildable="true">
				<Model path="firtree/firtree.3ds" probability="0.9">
					<Scale min="0.8" max="0.9" />
					<Rotation min="0" max="360" />
				</Model>
			</Field>
		</Fields>
		<Grid>
			<Row>TTTTTTTTTTTTTTTTTTTTTTTTTTTTTTTT+TTTTTTTTTTTTTTTTTTTTTTTTTTTTTTTT</Row>
			<Row>TGGGGGGGGGGGGGGGGGGGGGGGGGGGGGGG+GGGGGGGGGGGGGGGGGGGGGGGGGGGGGGGT</Row>
			<Row>TGGGGGGGGGGGGGGGGGGGGGGGGGGGGGGG+GGGGGGGGGGGGGGGGGGGGGGGGGGGGGGGT</Row>
			<Row>TGGGGGGGGGGGGGGGGGGGGGGGGGGGGGGG+GGGGGGGGGGGGGGGGGGGGGGGGGGGGGGGT</Row>
			<Row>TGGGGGGGGGGGGGGGGGGGGGGGGGGGGGGG+GGGGGGGGGGGGGGGGGGGGGGGGGGGGGGGT</Row>
			<Row>TGGGGGGGGGGGGGGGGGGGGGGGGGGGGGGG+GGGGGGGGGGGGGGGGGGGGGGGGGGGGGGGT</Row>
			<Row>TGGGGGGGGGGGGGGGGGGGGGGGGGGGGGGG+GGGGGGGGGGGGGGGGGGGGGGGGGGGGGGGT</Row>
			<Row>TGGGGGGGGGGGGGGGGGGGGGGGGGGGGGGG+GGGGGGGGGGGGGGGGGGGGGGGGGGGGGGGT</Row>
			<Row>TGGGGGGGGGGGGGGGGGGGGGGGGGGGGGGG+GGGGGGGGGGGGGGGGGGGGGGGGGGGGGGGT</Row>
			<Row>TGGGGGGGGGGGGGGGGGGGGGGGGGGGGGGG+GGGGGGGGGGGGGGGGGGGGGGGGGGGGGGGT</Row>
			<Row>TGGGGGGGGGGGGGGGGGGGGGGGGGGGGGGG+++++++++++++++++++++GGGGGGGGGGGT</Row>
			<Row>TGGGGGGGGGGGGGGGGGGGGGGGGGGGGGGGGGGGGGGGGGGGGGGGGGGG+GGGGGGGGGGGT</Row>
			<Row>TGGGGGGG+++++++++++++++++++++++++++++++++++++++++++G+GGGGGGGGGGGT</Row>
			<Row>TGGGGGGG+GGGGGGGGGGGGGGGGGGGGGGGGGGGGGGGGGGGGGGGGG+G+GGGGGGGGGGGT</Row>
			<Row>TGGGGGGG+GGGGGGGGGGGGGGGGGGGGGGGGGGGGGGGGGGGGGGGGG+G+GGGGGGGGGGGT</Row>
			<Row>TGGGGGGG+GGGGGGGGGGGGGGGGG+++++++++++++++++++++++++G+GGGGGGGGGGGT</Row>
			<Row>TGGGGGGG+GGGGGGGGGGGGGGGGG+GGGGGGGGGGGGGGGGGGGGGGGGG+GGGGGGGGGGGT</Row>
			<Row>TGGGGGGG+GGGGGGGGGGGGGGGGG+GGGGG+++++++++++++++++++++GGGGGGGGGGGT</Row>
			<Row>TGGGGGGG+GGGGGGGGGGGGGGGGG+GGGGG+GGGGGGGGGGGGGGGGGGGGGGGGGGGGGGGT</Row>
			<Row>TGGGGGGG+GGGGGGGGGGGGGGGGG+GGGGG+GGGGGGGGGGGGGGGGGGGGGGGGGGGGGGGT</Row>
			<Row>TGGGGGGG+GGGGGGGGGGGGGGGGG+GGGGG+GGGGGGGGGGGGGGGGGGGGGGGGGGGGGGGT</Row>
			<Row>TGGGGGGG+GGGGGGGGGGGGGGGGG+GGGGG+GGGGGGGGGGGGGGGGGGGGGGGGGGGGGGGT</Row>
			<Row>TGGGGGGG+GGGGGGGGGGGGGGGGG+GGGGG+GGGGGGGGGGGGGGGGGGGGGGGGGGGGGGGT</Row>
			<Row>TGGGGGGG+GGGGGGGGGGGGGGGGG+GGGGG+GGGGGGGGGGGGGGGGGGGGGGGGGGGGGGGT</Row>
			<Row>TGGGGGGG+GGGGGGGGGGGGGGGGG+++++++GGGGGGGGGGGGGGGGGGGGGGGGGGGGGGGT</Row>
			<Row>TGGGGGGG+GGGGGGGGGGGGGGGGGGGGGGGGGGGGGGGGGGGGGGGGGGGGGGGGGGGGGGGT</Row>
			<Row>TGGGGGGG+GGGGGGGGGGGGGGGGGGGGGGGGGGGGGGGGGGGGGGGGGGGGGGGGGGGGGGGT</Row>
			<Row>TGGGGGGG+GGGGGGGGGGGGGGGGGGGGGGGGGGGGGGGGGGGGGGGGGGGGGGGGGGGGGGGT</Row>
			<Row>TGGGGGGG+GGGGGGGGGGGGGGGGGGGGGGGGGGGGGGGGGGGGGGGGGGGGGGGGGGGGGGGT</Row>
			<Row>TGGGGGGG+++++++++++++++++++++++++GGGGGGGGGGGGGGGGGGGGGGGGGGGGGGGT</Row>
			<Row>TGGGGGGGGGGGGGGGGGGGGGGGGGGGGGGG+GGGGGGGGGGGGGGGGGGGGGGGGGGGGGGGT</Row>
			<Row>TGGGGGGGGGGGGGGGGGGGGGGGGGGGGGGG+GGGGGGGGGGGGGGGGGGGGGGGGGGGGGGGT</Row>
			<Row>TGGGGGGGGGGGGGGGGGGGGGGGGGGGGGGG+GGGGGGGGGGGGGGGGGGGGGGGGGGGGGGGT</Row>
			<Row>TGGGGGGGGGGGGGGGGGGGGGGGGGGGGGGG+GGGGGGGGGGGGGGGGGGGGGGGGGGGGGGGT</Row>
			<Row>TGGGGGGGGGGGGGGGGGGGGGGGGGGGGGGG+GGGGGGGGGGGGGGGGGGGGGGGGGGGGGGGT</Row>
			<Row>TGGGGGGGGGGGGGGGGGGGGGGGGGGGGGGG+GGGGGGGGGGGGGGGGGGGGGGGGGGGGGGGT</Row>
			<Row>TGGGGGGGGGGGGGGGGGGGGGGGGGGGGGGG+GGGGGGGGGGGGGGGGGGGGGGGGGGGGGGGT</Row>
			<Row>TGGGGGGGGGGGGGGGGGGGGGGGGGGGGGGG+GGGGGGGGGGGGGGGGGGGGGGGGGGGGGGGT</Row>
			<Row>TGGGGGGGGGGGGGGGGGGGGGGGGGGGGGGG+GGGGGGGGGGGGGGGGGGGGGGGGGGGGGGGT</Row>
			<Row>TTTTTTTTTTTTTTTTTTTTTTTTTTTTTTTT+TTTTTTTTTTTTTTTTTTTTTTTTTTTTTTTT</Row>
		</Grid>
	</Terrain>	
</Map>