[World]
StrataTextureId = 2

[Size]
Width = 75
Height = 75

[Textures]
Tex0 = gras.jpg
Tex1 = way.jpg
Tex2 = sediment.jpg

[Models]
Model0 = firetree/firtree.3ds

[Fields]
Gras = G
Way  = +
Tree = T

[Field_Way]
Buildable = 0
Accessible = 1
TextureId = 1

[Field_Gras]
Buildable = 1
Accessible = 0
TextureId = 0

[Field_Tree]
Buildable = 0
Accessible = 0
TextureId = 0
ModelId = 0

[Checkpoints]
Point0.X = 38 
Point0.Y = 1
Point1.X = 38 
Point1.Y = 75

[Map]
Row0  = TTTTTTTTTTTTTTTTTTTTTTTTTTTTTTTTTTTTT+TTTTTTTTTTTTTTTTTTTTTTTTTTTTTTTTTTTTT
Row1  = TGGGGGGGGGGGGGGGGGGGGGGGGGGGGGGGGGGGG+GGGGGGGGGGGGGGGGGGGGGGGGGGGGGGGGGGGGT
Row2  = TGGGGGGGGGGGGGGGGGGGGGGGGGGGGGGGGGGGG+GGGGGGGGGGGGGGGGGGGGGGGGGGGGGGGGGGGGT
Row3  = TGGGGGGGGGGGGGGGGGGGGGGGGGGGGGGGGGGGG+GGGGGGGGGGGGGGGGGGGGGGGGGGGGGGGGGGGGT
Row4  = TGGGGGGGGGGGGGGGGGGGGGGGGGGGGGGGGGGGG+GGGGGGGGGGGGGGGGGGGGGGGGGGGGGGGGGGGGT
Row5  = TGGGGGGGGGGGGGGGGGGGGGGGGGGGGGGGGGGGG+GGGGGGGGGGGGGGGGGGGGGGGGGGGGGGGGGGGGT
Row6  = TGGGGGGGGGGGGGGGGGGGGGGGGGGGGGGGGGGGG+GGGGGGGGGGGGGGGGGGGGGGGGGGGGGGGGGGGGT
Row7  = TGGGGGGGGGGGGGGGGGGGGGGGGGGGGGGGGGGGG+GGGGGGGGGGGGGGGGGGGGGGGGGGGGGGGGGGGGT
Row8  = TGGGGGGGGGGGGGGGGGGGGGGGGGGGGGGGGGGGG+GGGGGGGGGGGGGGGGGGGGGGGGGGGGGGGGGGGGT
Row9  = TGGGGGGGGGGGGGGGGGGGGGGGGGGGGGGGGGGGG+GGGGGGGGGGGGGGGGGGGGGGGGGGGGGGGGGGGGT
Row10 = TGGGGGGGGGGGGGGGGGGGGGGGGGGGGGGGGGGGG+++++++++++++++++++++GGGGGGGGGGGGGGGGT
Row11 = TGGGGGGGGGGGGGGGGGGGGGGGGGGGGGGGGGGGGGGGGGGGGGGGGGGGGGGGG+GGGGGGGGGGGGGGGGT
Row12 = TGGGGGGG++++++++++++++++++++++++++++++++++++++++++++++++G+GGGGGGGGGGGGGGGGT
Row13 = TGGGGGGG+GGGGGGGGGGGGGGGGGGGGGGGGGGGGGGGGGGGGGGGGGGGGGG+G+GGGGGGGGGGGGGGGGT
Row14 = TGGGGGGG+GGGGGGGGGGGGGGGGGGGGGGGGGGGGGGGGGGGGGGGGGGGGGG+G+GGGGGGGGGGGGGGGGT
Row15 = TGGGGGGG+GGGGGGGGGGGGGGGGGGGGGG+++++++++++++++++++++++++G+GGGGGGGGGGGGGGGGT
Row16 = TGGGGGGG+GGGGGGGGGGGGGGGGGGGGGG+GGGGGGGGGGGGGGGGGGGGGGGGG+GGGGGGGGGGGGGGGGT
Row17 = TGGGGGGG+GGGGGGGGGGGGGGGGGGGGGG+GGGGG+++++++++++++++++++++GGGGGGGGGGGGGGGGT
Row18 = TGGGGGGG+GGGGGGGGGGGGGGGGGGGGGG+GGGGG+GGGGGGGGGGGGGGGGGGGGGGGGGGGGGGGGGGGGT
Row19 = TGGGGGGG+GGGGGGGGGGGGGGGGGGGGGG+GGGGG+GGGGGGGGGGGGGGGGGGGGGGGGGGGGGGGGGGGGT
Row20 = TGGGGGGG+GGGGGGGGGGGGGGGGGGGGGG+GGGGG+GGGGGGGGGGGGGGGGGGGGGGGGGGGGGGGGGGGGT
Row21 = TGGGGGGG+GGGGGGGGGGGGGGGGGGGGGG+GGGGG+GGGGGGGGGGGGGGGGGGGGGGGGGGGGGGGGGGGGT
Row22 = TGGGGGGG+GGGGGGGGGGGGGGGGGGGGGG+GGGGG+GGGGGGGGGGGGGGGGGGGGGGGGGGGGGGGGGGGGT
Row23 = TGGGGGGG+GGGGGGGGGGGGGGGGGGGGGG+GGGGG+GGGGGGGGGGGGGGGGGGGGGGGGGGGGGGGGGGGGT
Row24 = TGGGGGGG+GGGGGGGGGGGGGGGGGGGGGG+++++++GGGGGGGGGGGGGGGGGGGGGGGGGGGGGGGGGGGGT
Row25 = TGGGGGGG+GGGGGGGGGGGGGGGGGGGGGGGGGGGGGGGGGGGGGGGGGGGGGGGGGGGGGGGGGGGGGGGGGT
Row26 = TGGGGGGG+GGGGGGGGGGGGGGGGGGGGGGGGGGGGGGGGGGGGGGGGGGGGGGGGGGGGGGGGGGGGGGGGGT
Row27 = TGGGGGGG+GGGGGGGGGGGGGGGGGGGGGGGGGGGGGGGGGGGGGGGGGGGGGGGGGGGGGGGGGGGGGGGGGT
Row28 = TGGGGGGG+GGGGGGGGGGGGGGGGGGGGGGGGGGGGGGGGGGGGGGGGGGGGGGGGGGGGGGGGGGGGGGGGGT
Row29 = TGGGGGGG++++++++++++++++++++++++++++++GGGGGGGGGGGGGGGGGGGGGGGGGGGGGGGGGGGGT
Row30 = TGGGGGGGGGGGGGGGGGGGGGGGGGGGGGGGGGGGG+GGGGGGGGGGGGGGGGGGGGGGGGGGGGGGGGGGGGT
Row31 = TGGGGGGGGGGGGGGGGGGGGGGGGGGGGGGGGGGGG+GGGGGGGGGGGGGGGGGGGGGGGGGGGGGGGGGGGGT
Row32 = TGGGGGGGGGGGGGGGGGGGGGGGGGGGGGGGGGGGG+GGGGGGGGGGGGGGGGGGGGGGGGGGGGGGGGGGGGT
Row33 = TGGGGGGGGGGGGGGGGGGGGGGGGGGGGGGGGGGGG+GGGGGGGGGGGGGGGGGGGGGGGGGGGGGGGGGGGGT
Row34 = TGGGGGGGGGGGGGGGGGGGGGGGGGGGGGGGGGGGG+GGGGGGGGGGGGGGGGGGGGGGGGGGGGGGGGGGGGT
Row35 = TGGGGGGGGGGGGGGGGGGGGGGGGGGGGGGGGGGGG+GGGGGGGGGGGGGGGGGGGGGGGGGGGGGGGGGGGGT
Row36 = TGGGGGGGGGGGGGGGGGGGGGGGGGGGGGGGGGGGG+GGGGGGGGGGGGGGGGGGGGGGGGGGGGGGGGGGGGT
Row37 = TGGGGGGGGGGGGGGGGGGGGGGGGGGGGGGGGGGGG+GGGGGGGGGGGGGGGGGGGGGGGGGGGGGGGGGGGGT
Row38 = TGGGGGGGGGGGGGGGGGGGGGGGGGGGGGGGGGGGG+GGGGGGGGGGGGGGGGGGGGGGGGGGGGGGGGGGGGT
Row39 = TGGGGGGGGGGGGGGGGGGGGGGGGGGGGGGGGGGGG+++++++++++++++++++++GGGGGGGGGGGGGGGGT
Row40 = TGGGGGGGGGGGGGGGGGGGGGGGGGGGGGGGGGGGGGGGGGGGGGGGGGGGGGGGG+GGGGGGGGGGGGGGGGT
Row41 = TGGGGGGG++++++++++++++++++++++++++++++++++++++++++++++++G+GGGGGGGGGGGGGGGGT
Row42 = TGGGGGGG+GGGGGGGGGGGGGGGGGGGGGGGGGGGGGGGGGGGGGGGGGGGGGG+G+GGGGGGGGGGGGGGGGT
Row43 = TGGGGGGG+GGGGGGGGGGGGGGGGGGGGGGGGGGGGGGGGGGGGGGGGGGGGGG+G+GGGGGGGGGGGGGGGGT
Row44 = TGGGGGGG+GGGGGGGGGGGGGGGGGGGGGG+++++++++++++++++++++++++G+GGGGGGGGGGGGGGGGT
Row45 = TGGGGGGG+GGGGGGGGGGGGGGGGGGGGGG+GGGGGGGGGGGGGGGGGGGGGGGGG+GGGGGGGGGGGGGGGGT
Row46 = TGGGGGGG+GGGGGGGGGGGGGGGGGGGGGG+GGGGG+++++++++++++++++++++GGGGGGGGGGGGGGGGT
Row47 = TGGGGGGG+GGGGGGGGGGGGGGGGGGGGGG+GGGGG+GGGGGGGGGGGGGGGGGGGGGGGGGGGGGGGGGGGGT
Row48 = TGGGGGGG+GGGGGGGGGGGGGGGGGGGGGG+GGGGG+GGGGGGGGGGGGGGGGGGGGGGGGGGGGGGGGGGGGT
Row49 = TGGGGGGG+GGGGGGGGGGGGGGGGGGGGGG+GGGGG+GGGGGGGGGGGGGGGGGGGGGGGGGGGGGGGGGGGGT
Row50 = TGGGGGGG+GGGGGGGGGGGGGGGGGGGGGG+GGGGG+GGGGGGGGGGGGGGGGGGGGGGGGGGGGGGGGGGGGT
Row51 = TGGGGGGG+GGGGGGGGGGGGGGGGGGGGGG+GGGGG+GGGGGGGGGGGGGGGGGGGGGGGGGGGGGGGGGGGGT
Row52 = TGGGGGGG+GGGGGGGGGGGGGGGGGGGGGG+GGGGG+GGGGGGGGGGGGGGGGGGGGGGGGGGGGGGGGGGGGT
Row53 = TGGGGGGG+GGGGGGGGGGGGGGGGGGGGGG+++++++GGGGGGGGGGGGGGGGGGGGGGGGGGGGGGGGGGGGT
Row54 = TGGGGGGG+GGGGGGGGGGGGGGGGGGGGGGGGGGGGGGGGGGGGGGGGGGGGGGGGGGGGGGGGGGGGGGGGGT
Row55 = TGGGGGGG+GGGGGGGGGGGGGGGGGGGGGGGGGGGGGGGGGGGGGGGGGGGGGGGGGGGGGGGGGGGGGGGGGT
Row56 = TGGGGGGG+GGGGGGGGGGGGGGGGGGGGGGGGGGGGGGGGGGGGGGGGGGGGGGGGGGGGGGGGGGGGGGGGGT
Row57 = TGGGGGGG+GGGGGGGGGGGGGGGGGGGGGGGGGGGGGGGGGGGGGGGGGGGGGGGGGGGGGGGGGGGGGGGGGT
Row58 = TGGGGGGG++++++++++++++++++++++++++++++GGGGGGGGGGGGGGGGGGGGGGGGGGGGGGGGGGGGT
Row59 = TGGGGGGGGGGGGGGGGGGGGGGGGGGGGGGGGGGGG+GGGGGGGGGGGGGGGGGGGGGGGGGGGGGGGGGGGGT
Row60 = TGGGGGGGGGGGGGGGGGGGGGGGGGGGGGGGGGGGG+GGGGGGGGGGGGGGGGGGGGGGGGGGGGGGGGGGGGT
Row61 = TGGGGGGGGGGGGGGGGGGGGGGGGGGGGGGGGGGGG+GGGGGGGGGGGGGGGGGGGGGGGGGGGGGGGGGGGGT
Row62 = TGGGGGGGGGGGGGGGGGGGGGGGGGGGGGGGGGGGG+GGGGGGGGGGGGGGGGGGGGGGGGGGGGGGGGGGGGT
Row63 = TGGGGGGGGGGGGGGGGGGGGGGGGGGGGGGGGGGGG+GGGGGGGGGGGGGGGGGGGGGGGGGGGGGGGGGGGGT
Row64 = TGGGGGGGGGGGGGGGGGGGGGGGGGGGGGGGGGGGG+GGGGGGGGGGGGGGGGGGGGGGGGGGGGGGGGGGGGT
Row65 = TGGGGGGGGGGGGGGGGGGGGGGGGGGGGGGGGGGGG+GGGGGGGGGGGGGGGGGGGGGGGGGGGGGGGGGGGGT
Row66 = TGGGGGGGGGGGGGGGGGGGGGGGGGGGGGGGGGGGG+GGGGGGGGGGGGGGGGGGGGGGGGGGGGGGGGGGGGT
Row67 = TGGGGGGGGGGGGGGGGGGGGGGGGGGGGGGGGGGGG+GGGGGGGGGGGGGGGGGGGGGGGGGGGGGGGGGGGGT
Row68 = TGGGGGGGGGGGGGGGGGGGGGGGGGGGGGGGGGGGG+GGGGGGGGGGGGGGGGGGGGGGGGGGGGGGGGGGGGT
Row69 = TGGGGGGGGGGGGGGGGGGGGGGGGGGGGGGGGGGGG+GGGGGGGGGGGGGGGGGGGGGGGGGGGGGGGGGGGGT
Row70 = TGGGGGGGGGGGGGGGGGGGGGGGGGGGGGGGGGGGG+GGGGGGGGGGGGGGGGGGGGGGGGGGGGGGGGGGGGT
Row71 = TGGGGGGGGGGGGGGGGGGGGGGGGGGGGGGGGGGGG+GGGGGGGGGGGGGGGGGGGGGGGGGGGGGGGGGGGGT
Row72 = TGGGGGGGGGGGGGGGGGGGGGGGGGGGGGGGGGGGG+GGGGGGGGGGGGGGGGGGGGGGGGGGGGGGGGGGGGT
Row73 = TGGGGGGGGGGGGGGGGGGGGGGGGGGGGGGGGGGGG+GGGGGGGGGGGGGGGGGGGGGGGGGGGGGGGGGGGGT
Row74 = TTTTTTTTTTTTTTTTTTTTTTTTTTTTTTTTTTTTT+TTTTTTTTTTTTTTTTTTTTTTTTTTTTTTTTTTTTT