<?xml version="1.0" ?>
<Map>
	<Player money="1000" life="50"/>
	<Waves>
		<Wave spawnoffset="5">
			<Creep model="creeps/bot3.3ds" name="Simple Bots" health="100" bounty="10" count="10" speed="100" armor="30" magicresist="20" spawnoffset="2.0" scale="0.2" />
		</Wave>
		<Wave spawnoffset="5">
			<Creep model="creeps/bot3.3ds" name="Simple Bots" health="100" count="10" bounty="50" speed="100" armor="30" magicresist="20" spawnoffset="2.0" scale="0.2" />
			<Creep model="creeps/bot3.3ds" name="Master Bot" health="100" count="1" bounty="500" speed="100" armor="100" magicresist="50" spawnoffset="3.0" scale="0.3" />
		</Wave>
	</Waves>
	<Towers>
		<Tower name="Base tower" model="tower/tower1.3ds" cost="100" projectile="creeps/bot3.3ds" physicaldamage="20" magicdamage="10" cooldown="1.25">
			<Tower name="Upgrade from base tower" model="tower/tower2.3ds" cost="500" minwave="2" physicaldamage="50" magicdamage="25" cooldown="1.75" />
			<Tower name="Another upgrade from base tower" model="tower/tower3.3ds" cost="450" minwave="2" physicaldamage="40" magicdamage="35" cooldown="1.9" />
		</Tower>
		<Tower name="Second base tower" model="tower/tower4.3ds" coast="125" projectile="creeps/bot3.3ds" physicaldamage="15" magicdamage="15" cooldown="1.1" />
	</Towers>
	<Checkpoints>
		<Checkpoint x="13" y= "0" />
		<Checkpoint x="13" y="3" />
		<Checkpoint x="5" y="3" />
		<Checkpoint x="5" y="6" />
		<Checkpoint x="13" y= "6" />
		<Checkpoint x="13" y="9" />
		<Checkpoint x="5" y="9" />
		<Checkpoint x="5" y="12" />
		<Checkpoint x="13" y= "12" />
		<Checkpoint x="13" y="15" />
	</Checkpoints>
	<Terrain>
		<Strata texture="sediment.jpg" />
		<Fields>
			<Field texture="gras.jpg" symbol="G" buildable="true"  />
			<Field texture="way.jpg"  symbol="+" buildable="false" />
			<Field texture="gras.jpg" symbol="T" buildable="true">
				<Model path="firtree/tanne.3ds" probability="0.2">
					<Scale min="0.3" max="0.5" />
					<Rotation min="0" max="360" />
				</Model>
			</Field>
		</Fields>
		<Grid>
			<Row>TTTTTTTTTTTTT+TTTTTTTTT</Row>
			<Row>TTTTTTTTTTTTT+TTTTTTTTT</Row>
			<Row>TTGGGGGGGGGGG+GGGGGGGTT</Row>
			<Row>TTGGG+++++++++GGGGGGGTT</Row>
			<Row>TTGGG+GGGGGGGGGGGGGGGTT</Row>
			<Row>TTGGG+GGGGGGGGGGGGGGGTT</Row>
			<Row>TTGGG+++++++++GGGGGGGTT</Row>
			<Row>TTGGGGGGGGGGG+GGGGGGGTT</Row>
			<Row>TTGGGGGGGGGGG+GGGGGGGTT</Row>
			<Row>TTGGG+++++++++GGGGGGGTT</Row>
			<Row>TTGGG+GGGGGGGGGGGGGGGTT</Row>
			<Row>TTGGG+GGGGGGGGGGGGGGGTT</Row>
			<Row>TTGGG+++++++++GGGGGGGTT</Row>
      <Row>TTGGGGGGGGGGG+GGGGGGGTT</Row>
      <Row>TTTTTTTTTTTTT+TTTTTTTTT</Row>
			<Row>TTTTTTTTTTTTT+TTTTTTTTT</Row>
		</Grid>
	</Terrain>	
</Map>